//Author: Radu Molea

C:\Users\r\Desktop\Fall2016_courses\COMP2406\a1>node test.js
the list is empty
Is not a node

Can't insert duplicate data
40, 50, 60
Contains 50
Contains 60
Can't insert duplicate data
22, 23, 34, 40, 44, 50, 60, 65, 70, 80, 82
the list is not empty
is not leaf
Contains 34
Does not contain 123
22, 23, 34, 40, 44, 50, 60, 65, 70, 80, 82
The largest is: 82
The smallest is: 22
22, 23, 34, 40, 44, 50, 60, 65, 70, 80, 82
484, 529, 1156, 1600, 1936, 2500, 3600, 4225, 4900, 6400, 6724
22, 23, 34, 40, 44, 50, 60, 65, 70, 80, 82
484, 529, 1156, 1600, 1936, 2500, 3600, 4225, 4900, 6400, 6724
Does not contain 40
484, 529, 1156, 1600, 1936, 2500, 3600, 4225, 4900, 6400, 6724
Contains 1600
1600 has been removed
undefined, undefined, undefined, undefined, undefined, 2500, 3600, 4225, 4900, 6400, 6724

C:\Users\r\Desktop\Fall2016_courses\COMP2406\a1>
